I'm sorry, but errors were detected in your script. Please correct the
errors listed below, and try again.


File "game/script.rpy", line 24: expected statement.
    s   
        ^

Ren'Py Version: Ren'Py 8.1.3.23091805
Sat Jan  6 22:55:27 2024
